人民网/nz  1月1日/t  讯/ng  据/p  《/w  纽约/nsf  时报/n  》/w  报道/v  ，/w  美国/nsf  华尔街/nsf  股市/n  在/p  2013年/t  的/ude1  最后/f  一天/mq  继续/v  上涨/vi  ，/w  和/cc  全球/n  股市/n  一样/uyy  ，/w  都/d  以/p  最高/a  纪录/n  或/c  接近/v  最高/a  纪录/n  结束/v  本/rz  年/qt  的/ude1  交易/vn  。/w
《/w  纽约/nsf  时报/n  》/w  报道/v  说/v  ，/w  标普/nz  500/m  指数/n  今年/t  上升/vi  29.6%/m  ，/w  为/p  1997年/t  以来/f  的/ude1  最大/gm  涨幅/n  ；/w  道琼斯/ntc  工业/n  平均/a  指数/n  上升/vi  26.5%/m  ，/w  为/p  1996年/t  以来/f  的/ude1  最大/gm  涨幅/n  ；/w  纳斯/nrf  达/v  克/q  上涨/vi  38.3%/m  。/w
就/d  12月31日/t  来说/uls  ，/w  由于/p  就业/vn  前景/n  看好/v  和/cc  经济/n  增长/v  明年/t  可能/v  加速/vi  ，/w  消费者/n  信心/n  上升/vi  。/w  工商/n  协进会/nis  （/w  ConferenceBoard/x  ）/w  报告/n  ，/w  12月/t  消费者/n  信心/n  上升/vn  到/v  78.1/m  ，/w  明显/a  高于/v  11月/t  的/ude1  72/m  。/w
另据/nz  《/w  华尔街/nsf  日报/n  》/w  报道/v  ，/w  2013年/t  是/vshi  1995年/t  以来/f  美国/nsf  股市/n  表现/v  最好/d  的/ude1  一年/mq  。/w  这/rzv  一年/mq  里/f  ，/w  投资/vn  美国/nsf  股市/n  的/ude1  明智/a  做法/n  是/vshi  追/v  着/uzhe  “/w  傻钱/nz  ”/w  跑/v  。/w  所谓/vn  的/ude1  “/w  傻钱/nz  ”/w  策略/n  ，/w  其实/d  就是/v  买入/v  并/cc  持有/v  美国/nsf  股票/n  这样/rzv  的/ude1  普通/a  组合/vn  。/w  这个/rz  策略/n  要/v  比/p  对冲/v  基金/n  和/cc  其它/rz  专业/n  投资者/nnd  使用/v  的/ude1  更为/d  复杂/a  的/ude1  投资/vn  方法/n  效果/n  好/a  得/ude3  多/a  。/w  （/w  老/a  任/v  ）/w
人民网/nz  平壤/ns  1月1日/t  电/n  （/w  记者/nnt  王莉/nr  、/w  程维丹/nr  ）/w  朝鲜/nsf  最高/a  领导人/nnt  金正恩/nr  1日/t  通过/p  朝鲜/nsf  各/rz  大媒体/nz  发表/v  2014年/t  新年/t  贺词/n  ，/w  向/p  朝鲜/nsf  全体/n  军民/n  致/v  以/p  新年/t  问候/v  ，/w  强调/v  在/p  新的/a  一年/mq  里/f  将/d  继续/v  加强/v  经济/n  强国/n  建设/v  ，/w  提高/v  人民/n  生活/vn  水平/n  ，/w  加强/v  国防/n  力量/n  ，/w  在/p  祖国/n  统一/vn  斗争/vn  中/f  取得/v  新的/a  进展/vn  。/w  这/rzv  一/d  新年/t  贺词/n  被/pbei  视为/v  朝鲜/nsf  未来/t  一年/mq  工作/vn  的/ude1  指导/vn  方针/n  。/w
金正恩/nr  在/p  贺词/n  中/f  回顾/v  了/ule  过去/vf  一年/mq  朝鲜/nsf  在/p  各/rz  领域/n  取得/v  的/ude1  成绩/n  ，/w  向/p  全体/n  军民/n  表示/v  感谢/v  ，/w  并/cc  提到/v  2013年/t  朝鲜/nsf  劳动党/n  采取/v  坚决/ad  措施/n  清除/v  了/ule  隐藏/v  在/p  党内/s  的/ude1  宗派/n  污点/n  ，/w  适时/ad  作出/v  正确/a  决策/vn  ，/w  揭发/v  和/cc  肃清/v  了/ule  反党/vi  反革命/n  宗派/n  集团/nis  ，/w  使/v  党/n  和/cc  革命/vn  队伍/n  进一步/d  巩固/v  ，/w  朝鲜/nsf  的/ude1  一心/d  团结/v  得到/v  加强/v  。/w
金正恩/nr  表示/v  ，/w  在/p  今年/t  的/ude1  经济/n  建设/vn  和/cc  提高/v  人民/n  生活/vn  的/ude1  努力/ad  中/f  ，/w  要/v  把/pba  农业/n  当做/v  主攻/v  方向/n  狠抓/v  ，/w  对/p  农业/n  集中/v  一切/rz  力量/n  。/w  今年/t  要/v  在/p  建设/vn  部门/n  开创/v  新的/a  繁荣/an  期/qv  ，/w  搞好/v  发电站/nis  建设/vn  、/w  畜产/n  基地/nis  建设/vn  、/w  住房/n  建设/vn  等/udeng  一系列/b  重要/a  建设/vn  工程/n  。/w  朝鲜/nsf  将/d  继续/v  大力/d  加强/v  国防/n  力量/n  ，/w  尤其/d  是/vshi  加强/v  军队/n  基本/a  战斗/vn  单位/n  —/w  —/w  连队/n  的/ude1  建设/vn  。/w  在/p  国防/n  工业/n  部门/n  更多/ad  生产/v  轻量化/nz  、/w  无人/b  化/v  、/w  智能化/vn  、/w  精密/a  化/v  的/ude1  朝鲜/nsf  式/k  现代化/vn  武器/n  装备/n  ，/w  进一步/d  巩固/v  自卫/vn  国防/n  力量/n  。/w
金正恩/nr  强调/v  ，/w  要/v  彻底/ad  建立/v  唯一/b  领导/n  体系/n  ，/w  牢固/a  保障/v  党/n  队伍/n  的/ude1  纯洁性/n  ，/w  加强/v  党组织/n  的/ude1  战斗/vn  职能/n  和/cc  作用/n  ，/w  对/p  妨害/v  党/n  和/cc  革命/vn  队伍/n  统一/vn  团结/vn  的/ude1  细微/a  现象/n  和/cc  因素/n  要/v  保持/v  警惕/v  并/cc  彻底/ad  加以/vx  克服/v  ，/w  继续/v  开展/v  清除/v  损害/v  朝鲜/nsf  制度/n  的/ude1  异色/nz  思想/n  和/cc  颓废/a  风潮/n  的/ude1  斗争/vn  ，/w  坚决/ad  粉碎/v  敌人/n  思想/n  文化/n  渗透/v  阴谋/n  。/w
金正恩/nr  表示/v  ，/w  今年/t  要/v  贯彻/v  金日成/nr  和/cc  金正日/nr  的/ude1  遗训/n  ，/w  在/p  祖国/n  统一/vn  运动/vn  中/f  取得/v  新/a  进展/vn  。/w  北方/s  和/cc  南方/s  应/v  坚持/v  祖国/n  统一/vn  三/m  大宪章/nz  和/cc  《/w  北南/nz  共同/d  宣言/n  》/w  的/ude1  自主/vn  原则/n  ，/w  站/vi  在/p  “/w  我们/rr  民族/n  自己/rr  ”/w  的/ude1  立场/n  ，/w  尊重/v  并/cc  诚实/a  履行/v  宣言/n  。/w  必须/d  营造/v  气氛/n  改善/v  北南/nz  关系/n  。/w  朝鲜/nsf  民族/n  相互/d  诽谤/v  反目/vi  只/d  会/v  让/v  不/d  希望/v  祖国/n  统一/vn  的/ude1  势力/n  坐收渔利/vl  。/w  要/v  结束/v  诽谤/v  中伤/v  ，/w  不能/v  再/d  做/v  有/vyou  碍/v  和解/vn  与/cc  团结/vn  的/ude1  事情/n  。/w  只要/c  是/vshi  重视/v  民族/n  、/w  希望/v  统一/vn  的/ude1  人/n  ，/w  我们/rr  不管/c  他/rr  是/vshi  谁/ry  ，/w  既往不咎/vl  ，/w  一同/d  携手/vn  前进/vi  。/w  朝鲜/nsf  今后/t  也/d  将/d  为/p  改善/v  北南/nz  关系/n  做出/v  积极/ad  努力/ad  。/w
金正恩/nr  表示/v  ，/w  和平/n  对于/p  朝鲜/nsf  人民/n  来说/uls  无比/z  珍贵/a  ，/w  但/c  和平/n  不是/c  靠/v  期盼/v  和/cc  乞求/v  就/d  能/v  得来/v  的/ude1  。/w  在/p  朝鲜/nsf  半岛/n  上/f  针对/p  朝鲜/nsf  的/ude1  核战争/n  阴云/n  不/d  散/v  的/ude1  情况下/nz  ，/w  朝鲜/nsf  绝/d  不会/v  袖手旁观/vl  ，/w  将/d  以/p  强有力/bl  的/ude1  自卫/vn  力量/n  维护/v  国家/n  主权/n  与/cc  和平/n  。/w  朝鲜/nsf  党/n  和/cc  政府/nis  今后/t  也/d  将/d  牢固/a  坚持/v  自主/vd  、/w  和平/n  、/w  友谊/n  的/ude1  对外/vn  政策/n  理念/n  ，/w  同/p  尊重/v  朝鲜/nsf  主权/n  并/cc  友好/a  相待/v  的/ude1  所有/b  国家/n  扩大/v  发展/vn  友好/a  合作/vn  关系/n  ，/w  为/p  世界/n  和平/n  、/w  安全/an  和/cc  人类/n  共同/d  繁荣/an  而/cc  积极/ad  努力/ad  。/w
人民网/nz  莫斯科/nsf  31日/t  电/n  （/w  记者/nnt  屈海齐/nr  ）/w  据/p  俄新社/nt  报道/v  ，/w  《/w  今日/t  俄罗斯/nsf  》/w  （/w  RussiaToday/x  ）/w  总裁/nnt  德米特里·基谢廖夫/nrf  决定/v  任命/v  玛格丽特·西莫尼/nrf  杨/ng  为/p  《/w  今日/t  俄罗斯/nsf  》/w  通讯社/nis  主编/v  ，/w  同时/c  兼任/v  《/w  今日/t  俄罗斯/nsf  》/w  电视/n  频道/n  主编/v  。/w
玛格丽特·西蒙尼扬/nrf  1980年/t  生于/v  克拉斯/nrf  诺达尔/nrf  。/w  毕业/v  于/p  库班/nrf  国立/b  大学/nis  新闻系/nit  。/w  曾/d  在/p  克拉斯/nrf  诺达尔/nrf  电视台/nis  工作/vn  ，/w  负责/v  有关/v  总统/nnt  的/ude1  新闻/n  报道/v  。/w  25/m  岁/qt  出任/v  《/w  今日/t  俄罗斯/nsf  》/w  频道/n  主编/v  。/w
2013年12月9日/t  ，/w  俄罗斯/nsf  总统/nnt  普京/nrf  下令/v  在/p  三个月/t  内/f  将/d  《/w  俄新社/nt  》/w  和/cc  《/w  俄罗斯/nsf  之/uzhi  声/qv  》/w  电台/nis  合并/v  为/p  《/w  今日/t  俄罗斯/nsf  》/w  国际/n  通讯社/nis  。/w
人民网/nz  莫斯科/nsf  1日/t  电/n  (/w  记者/nnt  屈海齐/nr  )/w  据/p  俄/b  媒/ng  报道/v  ，/w  2014年1月1日/t  凌晨/t  俄罗斯/nsf  总统/nnt  普京/nrf  到达/v  伏尔加/nsf  格勒/nrf  。/w  他/rr  在/p  伏尔加/nsf  格勒/nrf  行政区/n  主持/v  召开/v  了/ule  反/vi  恐/vg  会议/n  之后/f  ，/w  即刻/d  前往/v  该市/r  一/d  所/usuo  医院/nis  探望/v  因/p  恐怖/a  袭击/v  而/cc  受伤/vn  的/ude1  伤员/n  。/w
普京/nrf  认为/v  ，/w  针对/p  平民/n  的/ude1  恐怖主义/n  行为/n  没有/v  任何/rz  道理/n  。/w  在/p  途经/v  无轨电车/n  爆炸/vn  地点/n  ，/w  普京/nrf  总统/nnt  停下来/nz  献/v  了/ule  一束/mq  玫瑰花/n  。/w  在/p  悲剧/n  发生/vn  的/ude1  地方/n  ，/w  摆着/v  许多/mq  鲜花/n  ，/w  燃着/v  蜡烛/n  ，/w  还有/v  城市居民/nz  送来/v  的/ude1  一些/mq  儿童/n  玩具/n  。/w
普京/nrf  在/p  医院/nis  里/f  向/p  医生/nnt  询问/v  了/ule  伤者/n  的/ude1  情况/n  并/cc  与/cc  伤员/n  进行/vn  了/ule  交谈/vi  。/w  在/p  受伤/vi  人员/n  中/f  ，/w  既有/v  执法/vn  人员/n  ，/w  也/d  有/vyou  该/rz  城/n  居民/n  。/w
一名/mq  女/b  受伤者/n  对/p  普京/nrf  总统/nnt  的/ude1  慰问/vn  表示/v  感谢/v  并/cc  向/p  他/rr  保证/v  说/v  ：/w  “/w  伏尔加/nsf  格勒/nrf  人/n  具有/v  坚强/a  的/ude1  精神/n  ，/w  他们/rr  不会/v  这么/rz  容易/ad  被/pbei  摧毁/v  的/ude1  ”/w  。/w  随后/d  ，/w  普京/nrf  希望/v  她/rr  早日/d  康复/vn  并/cc  祝/v  她/rr  新年/t  快乐/a  ！/w
2013年12月29日/t  和/cc  30日/t  ，/w  在/p  俄/b  伏尔加/nsf  格勒/nrf  市/n  火车站/n  和/cc  无轨电车/n  上/f  连续/a  发生/v  了/ule  两次/mq  恐怖/a  爆炸/vn  事件/n  ，/w  共/d  致使/v  34/m  人/n  死亡/vi  ，/w  70余人/m  受伤/vi  。/w
人民网/nz  南苏丹/nz  瓦乌/nrf  1月1日/t  电/n  （/w  记者/nnt  吴文斌/nr  报道/v  员/ng  郭如生/nr  ）/w  2013年12月/t  中旬/t  以来/f  ，/w  南苏丹/nz  武装冲突/v  不断/d  升级/vi  ，/w  局势/n  动荡/an  加剧/v  ，/w  数以十万计/bl  的/ude1  难民/n  流离失所/vl  ，/w  为/p  生存/vi  四处奔波/vl  ，/w  今年/t  元旦/t  似/vg  成/v  了/ule  无人问津/vl  的/ude1  普通/a  日子/n  。/w  中国/ns  驻/v  南苏丹/nz  维和/vn  部队/nis  却/d  用/p  普通/a  而/cc  又/d  特别/d  的/ude1  方式/n  ，/w  度过/v  了/ule  这个/rz  不/d  一样/uyy  的/ude1  新年/t  第一天/mq  。/w
随时/d  准备/v  应对/v  突发/vn  事件/n  —/w  —/w  充实/v
“/w  指/v  01/m  ，/w  3/m  号/q  观察哨/n  报告/n  ，/w  西北/ns  方向/n  200/m  米/q  处/n  出现/v  多/a  名/q  武装/n  分子/n  向/p  我/rr  营区/n  靠近/v  ！/w  ”/w
“/w  各/rz  观察哨/n  加强/v  观察/v  警戒/v  ，/w  应急/vn  分队/n  做好/v  行动/vn  准备/v  …/w  …/w  ”/w  凌晨/t  5点20分/t  ，/w  一场/mq  实装/vn  实弹/n  防卫/vn  演练/vn  在/p  中国/ns  维和/vn  部队/nis  营区/n  打响/v  。/w
此次/rz  防卫/vn  演练/vn  以/p  营区/n  封锁/v  戒严/vi  、/w  阻止/v  武装/n  分子/n  冲击/vn  营区/n  为主/vi  ，/w  紧密/ad  结合/v  当前/t  南苏丹/nz  国内/s  形势/n  可能/v  引发/v  的/ude1  安全/an  威胁/v  ，/w  逐一/d  研练/nz  应对/v  措施/n  。/w  维和/vn  官兵/nnd  接到/v  指令/n  ，/w  迅速/ad  展开/v  行动/vn  。/w  应急/vn  分队/n  第一/m  时间/n  占领/v  射击/vn  位置/n  ，/w  其余/rz  人员/n  紧急/a  疏散/v  …/w  …/w
“/w  节日/n  不忘/v  战备/vn  。/w  ”/w  维和/vn  部队/nis  政委/nnt  于子刚/nr  对/p  记者/nnt  者/k  说/v  ，/w  “/w  尤其/d  是/vshi  现在/t  这种/r  随时/d  可能/v  面临/v  战火/n  波及/v  的/ude1  战场/n  环境/n  ，/w  我们/rr  更/d  要/v  时刻/n  做好/v  应对/v  各种/rz  突发/vn  情况/n  的/ude1  准备/v  。/w  ”/w
新年/t  第一/m  顿/qv  早饭/n  后/f  ，/w  官兵们/nnd  并/cc  没有/v  像/v  以往/t  过节/vi  那样/rzv  放松/v  娱乐/vn  ，/w  而是/c  拿起/v  了/ule  工具/n  ，/w  开始/v  检修/vn  车辆/n  ，/w  对/p  营区/n  各个/rz  位置/n  的/ude1  防御工事/n  加固/vn  修缮/v  ，/w  展开/v  战术/n  训练/v  ，/w  一切/rz  都/d  显得/v  忙/v  而/cc  不/d  乱/d  。/w
“/w  从/p  南苏丹/nz  爆发/v  武装冲突/v  开始/v  ，/w  这样/rzv  的/ude1  工作/vn  我们/rr  每天/r  都/d  要/v  进行/vn  ，/w  虽然/c  很/d  忙碌/a  却/d  很/d  充实/v  。/w  ”/w  维和/vn  部队/nis  大队长/nnt  李庆峰/nr  说/v  ，/w  “/w  为/p  的/ude1  就是/v  确保/v  我们/rr  所有/b  的/ude1  人员/n  和/cc  设施/n  随时/d  都/d  处于/v  最佳/z  状态/n  。/w  ”/w
异国他乡/n  感受/v  亲情/n  —/w  —/w  温暖/an
刚/d  从/p  难民营/ns  施工/vn  点/qt  出来/vf  ，/w  于/p  政委/nnt  便/d  带着/vn  几名/mq  警戒/v  人员/n  来到/v  刘广展/nr  、/w  梁云/nr  等/udeng  17/m  名/q  在/p  南苏丹/nz  瓦乌/nrf  市/n  中国/ns  同胞/n  的/ude1  住处/n  看望/v  ，/w  送去/vf  了/ule  一些/mq  维和/vn  官兵们/nnd  自己/rr  种/q  的/ude1  蔬菜/n  和/cc  亲手/d  做/v  的/ude1  食物/nf  ，/w  着实/d  让/v  他们/rr  激动/a  了/ule  一把/mq  。/w
“/w  今天/t  是/vshi  元旦/t  ，/w  过来/vf  看看/v  我们/rr  在/p  南苏丹/nz  的/ude1  亲人/n  ！/w  ”/w
“/w  现在/t  局势/n  这么/rz  紧张/a  ，/w  你们/rr  对/p  我们/rr  的/ude1  关心/v  仍然/d  如此/rzv  细致入微/al  ，/w  真是/d  太/d  谢谢/v  你们/rr  了/ule  ！/w  ”/w  前/f  几天/mq  刚/d  被/pbei  维和/vn  官兵/nnd  寻找/v  到/v  的/ude1  中国/ns  工人/nnt  聂纪华/nr  眼睛/n  有些/rz  湿润/a  。/w
“/w  有/vyou  中国/ns  维和/vn  军队/n  在/p  这里/rzs  ，/w  我们/rr  感觉/n  很/d  安心/a  。/w  ”/w  瓦乌/nrf  市/n  中国/ns  华谊/nz  医院/nis  院长/nnt  刘广展/nr  说/v  ，/w  10/m  多/a  天/qt  前/f  南苏丹/nz  武装冲突/v  刚/d  一/d  爆发/v  ，/w  中国/ns  维和/vn  部队/nis  第一/m  时间/n  就/d  与/cc  他们/rr  取得/v  了/ule  联系/v  ，/w  “/w  维和/vn  部队/nis  官兵/nnd  不仅/c  经常/d  和/cc  我们/rr  通电话/vi  ，/w  了解/v  情况/n  ，/w  他们/rr  还/d  专门/d  安排/v  人员/n  来/vf  医院/nis  讲解/v  难民/n  涌入/v  医院/nis  、/w  遭受/v  武装/n  袭击/vn  等/udeng  突发/vn  情况/n  的/ude1  应对/v  方法/n  ，/w  并/cc  组织/n  我们/rr  进行/vn  了/ule  演练/v  。/w  有/vyou  他们/rr  ，/w  我们/rr  很/d  踏实/a  。/w  ”/w
“/w  维和/vn  部队/nis  所在/n  瓦乌/nrf  、/w  伦拜克/nr  、/w  阿维尔/nrf  的/ude1  三/m  个/q  任务/n  区/n  点/qt  上/f  共有/v  31/m  名/q  中国人/n  ，/w  其中/rz  有/vyou  14/m  名/q  安全/an  撤离/v  。/w  ”/w  于子刚/nr  告诉/v  记者/nnt  ，/w  “/w  我们/rr  也/d  祝愿/v  祖国/n  同胞/n  们/k  在/p  新的/a  一年/mq  里/f  平平安安/z  ，/w  顺/v  顺利/ad  利/n  ！/w  ”/w
工作/vn  中/f  享受/v  快乐/a  —/w  —/w  简单/a
南苏丹/nz  的/ude1  旱季/n  中午/t  热/a  的/ude1  蛮横/a  ，/w  气温/n  都/d  在/p  40/m  度/qv  以上/f  。/w  联/vg  南/b  苏/b  团/n  瓦乌/nrf  基地/nis  的/ude1  中国/ns  维和/vn  官兵/nnd  刚/d  吃/v  过/uguo  午饭/n  ，/w  就/d  匆匆/z  来到/v  基地/nis  东北部/f  的/ude1  空旷/a  区域/n  ，/w  继续/v  平整/a  场地/n  、/w  构筑/v  铁丝网/n  、/w  搭建/v  帐篷/n  、/w  开设/v  简易/a  厕所/n  ，/w  为/p  随时/d  迎接/v  逃避/v  战火/n  的/ude1  难民/n  开辟/v  营地/n  。/w  于子刚/nr  政委/nnt  介绍/v  说/v  ，/w  由于/p  战火/n  不断/d  扩大/v  ，/w  将/d  可能/v  有数/a  万名/q  难民/n  从/p  周边/n  各州/r  聚集/v  瓦乌/nrf  市/n  。/w  根据/p  联/vg  南/b  苏/b  团/n  指令/n  ，/w  中国/ns  维和/vn  部队/nis  需/v  在/p  基地/nis  修建/v  一个/mq  可容纳/v  万/d  人/n  以上/f  的/ude1  难民营/ns  。/w
记者/nnt  在/p  现场/s  看到/v  ，/w  维和/vn  官兵/nnd  顶着/v  高温/n  酷暑/n  ，/w  坚持/v  高标准/d  、/w  超/v  进度/n  施工/vn  ，/w  令人感动/al  。/w  “/w  现在/t  是/vshi  一天/mq  中/f  温度/n  最高/a  的/ude1  时候/n  ，/w  可/v  大家/rr  都/d  想/v  尽快/d  完成/v  任务/n  ，/w  一旦/d  难民/n  到来/vn  ，/w  可/v  立即/d  安置/v  。/w  ”/w  负责/v  施工/vn  的/ude1  军事/n  组长/nnt  马欣/nr  对/p  记者/nnt  说/v  。/w
新年/t  的/ude1  太阳/n  已经/d  升起/v  ，/w  在/p  这个/rz  年轻/a  的/ude1  国度/n  里/f  ，/w  战火/n  硝烟/n  依然/d  迷漫/vi  。/w  然而/c  ，/w  我们/rr  依稀/d  看到/v  那些/rz  为/p  和平/n  努力/ad  的/ude1  人们/n  ，/w  还/d  在/p  忘我/b  的/ude1  工作/vn  、/w  辛勤/ad  的/ude1  付出/v  ，/w  就/d  让/v  我们/rr  把手/n  放在/v  心口/n  为/p  他们/rr  祈福/v  ，/w  因为/c  有/vyou  了/ule  他们/rr  ，/w  我们/rr  的/ude1  生活/vn  才能/n  真正/d  平安/a  幸福/a  。/w
新年/t  前夕/f  ，/w  国家/n  主席/nnt  习近平/nr  通过/p  中国/ns  国际/n  广播/vn  电台/nis  、/w  中央/n  人民/n  广播/vn  电台/nis  、/w  中央/n  电视台/nis  ，/w  发表/v  了/ule  2014年/t  新年/t  贺词/n  。/w
这/rzv  是/vshi  习近平/nr  主席/nnt  发表/v  的/ude1  第/m  一份/mq  新年/t  贺词/n  。/w  在/p  这份/r  寥寥/z  数百/m  字/n  的/ude1  贺词/n  中/f  ，/w  我们/rr  读/v  到/v  的/ude1  不/d  只是/d  来自/v  国家/n  领导人/nnt  的/ude1  新年/t  问候/vn  与/cc  祝福/vn  ，/w  更/d  读/v  到/v  一个/mq  在/p  世界/n  舞台/n  上/f  步履/n  坚毅/a  、/w  包容/v  自信/a  的/ude1  中国/ns  ，/w  一个/mq  在/p  改革/vn  大道/ns  上/f  矢志不移/dl  、/w  扬帆/vi  起航/vi  的/ude1  中国/ns  ，/w  一个/mq  在/p  复兴/vn  之/uzhi  路/n  上/f  努力/ad  让/v  社会/n  更加/d  公平/a  正义/n  、/w  让/v  人民/n  生活/vn  更加/d  美好/a  的/ude1  中国/ns  。/w
“/w  70/m  多/a  亿/m  人/n  共同/d  生活/vn  在/p  我们/rr  这个/rz  星球/n  上/f  ，/w  应该/v  守望相助/vl  、/w  同舟共济/vl  、/w  共同/d  发展/v  。/w  ”/w  这/rzv  是/vshi  中国/ns  政府/nis  对/p  世界/n  和平/n  发展/v  、/w  包容/v  共/d  进/vn  的/ude1  期待/v  。/w  同/p  处/n  一个/mq  地球村/n  ，/w  中国/ns  这个/rz  “/w  国际/n  公民/n  ”/w  是/vshi  国际/n  责任/n  的/ude1  践行者/nz  ，/w  也/d  是/vshi  各国/rzs  人民/n  追梦/nz  的/ude1  支持者/n  。/w  今年/t  时值/v  甲午战争/nz  爆发/v  两甲子/m  ，/w  曾/d  饱受/v  百年/mq  屈辱/n  的/ude1  中国/ns  人民/n  ，/w  深知/v  和平/n  生活/vn  的/ude1  宝贵/a  ，/w  不畏/v  复兴/vn  之/uzhi  路/n  的/ude1  艰辛/an  。/w  以史为鉴/vl  ，/w  面向/v  未来/t  ，/w  “/w  中国/ns  人民/n  追寻/v  实现/v  中华民族/n  伟大/a  复兴/vn  的/ude1  中国/ns  梦/n  ，/w  也/d  祝愿/v  各国/rzs  人民/n  能够/v  实现/v  自己/rr  的/ude1  梦想/n  。/w  ”/w
“/w  2014年/t  ，/w  我们/rr  将/d  在/p  改革/vn  的/ude1  道路/n  上/f  迈出/v  新的/a  步伐/n  。/w  ”/w  这/rzv  是/vshi  中国/ns  政府/nis  对/p  新/a  一年/mq  全面/ad  深化改革/v  的/ude1  有力/a  表态/vi  。/w  习近平/nr  主席/nnt  将/d  2013/m  定义/n  为/p  对/p  国家/n  和/cc  人民/n  “/w  很/d  不/d  平凡/a  的/ude1  一年/mq  ”/w  。/w  我们/rr  战胜/v  了/ule  各种/rz  困难/an  和/cc  挑战/vn  ，/w  也/d  切实/ad  感受到/nz  了/ule  身边/s  的/ude1  各种/rz  细微/a  变化/vn  。/w  这/rzv  一年/mq  注定/v  是/vshi  载入/v  中国/ns  改革/v  史册/n  的/ude1  标志性/n  一年/mq  。/w  全面/ad  改革/vn  号角/n  吹响/v  ，/w  未来/t  发展/v  蓝图/n  绘/v  就/d  ，/w  又/d  一个/mq  美丽/a  的/ude1  “/w  春天/t  故事/n  ”/w  正在/d  中国/ns  大地/n  谱写/v  。/w  “/w  一分/t  布置/v  ，/w  九分/t  落实/v  ”/w  ,/w  无论/c  多么/d  美好/a  的/ude1  改革/vn  路径/n  ，/w  只有/c  付诸/v  实践/vn  才能/n  得到/v  检验/v  、/w  评估/vn  和/cc  收获/n  。/w  过去/vf  一年/mq  ，/w  中国/ns  社会发展/v  中/f  那些/rz  深入人心/vl  的/ude1  新气象/n  ，/w  让/v  我们/rr  有/vyou  理由/n  相信/v  ：/w  作为/p  全面/ad  深化改革/v  元年/t  的/ude1  2014/m  ，/w  中国/ns  的/ude1  改革者/nnd  们/k  会/v  有/vyou  更大/d  作为/p  ，/w  公众/n  对/p  改革/vn  的/ude1  参与/v  将/d  更加/d  积极/ad  。/w
“/w  让/v  老百姓/n  过/uguo  上/f  更加/d  幸福/a  的/ude1  生活/vn  ，/w  还有/v  大量/m  工作/vn  要/v  做/v  。/w  ”/w  这/rzv  是/vshi  中国/ns  政府/nis  对/p  人民/n  的/ude1  庄严/a  承诺/v  。/w  犹/d  记得/v  新/a  一届/mq  中央/n  政治局/nis  常委/nnt  同/p  中外/b  记者/nnt  见面/vi  时/ng  ，/w  “/w  人民/n  对/p  美好/a  生活/vn  的/ude1  向往/v  ，/w  就是/v  我们/rr  的/ude1  奋斗/vi  目标/n  ”/w  ，/w  习近平/nr  的/ude1  深情/n  阐述/v  激起/v  了/ule  亿/m  万国/b  人/n  的/ude1  强烈/a  共鸣/vn  。/w  向往/v  美好/a  生活/vn  的/ude1  公众/n  ，/w  对/p  现代/ntc  政府/nis  建设/vn  的/ude1  期待/v  越来越/d  高/a  ；/w  社会/n  转型期/n  的/ude1  阵痛/vn  ，/w  对/p  透明/a  政府/nis  、/w  责任/n  政府/nis  、/w  廉洁/a  政府/nis  的/ude1  要求/n  也/d  越来越/d  高/a  。/w  让/v  公平/a  正义/n  比/p  太阳/n  更/d  有/vyou  光辉/a  ，/w  让/v  美好/a  生活/vn  不再/d  难以/d  企及/vi  ，/w  诚然/c  要/v  承担/v  大量/m  的/ude1  工作/vn  ，/w  付出/v  加倍/d  的/ude1  努力/ad  。/w  也/d  只有/c  这样/rzv  ，/w  才能/n  向/p  历史/n  、/w  向/p  人民/n  交出/v  一份/mq  合格/vn  的/ude1  答卷/n  ，/w  信守/v  “/w  对/p  人民/n  的/ude1  责任/n  ”/w  。/w
“/w  生活/vn  总是/d  充满/v  希望/v  的/ude1  ，/w  成功/a  总是/d  属于/v  积极/ad  进取/vi  、/w  不懈/z  追求/v  的/ude1  人们/n  。/w  ”/w  告别/vi  2013/m  ，/w  不/d  惧/vi  艰险/an  ，/w  戮力/nz  前行/v  。/w  在/p  追梦/nz  路上/s  ，/w  我们/rr  必将/d  迎来/v  一个/mq  “/w  充满/v  希望/v  的/ude1  2014/m  ”/w  。/w
新年/t  前夕/f  ，/w  国家/n  主席/nnt  习近平/nr  通过/p  中国/ns  国际/n  广播/vn  电台/nis  、/w  中央/n  人民/n  广播/vn  电台/nis  、/w  中央/n  电视台/nis  ，/w  发表/v  了/ule  二/m  0/m  一/m  四/m  年/qt  新年/t  贺词/n  。/w  全文/n  如下/vi  ：/w
我们/rr  即将/d  迎来/v  充满/v  希望/v  的/ude1  2014年/t  。/w
一元复始/vl  ，/w  万象更新/vl  。/w  在/p  这里/rzs  ，/w  我/rr  向/p  全国/n  各族/rz  人民/n  ，/w  向/p  香港/ns  特别/d  行政区/n  同胞/n  和/cc  澳门/ns  特别/d  行政区/n  同胞/n  ，/w  向/p  台湾/ns  同胞/n  和/cc  海外/s  侨胞/n  ，/w  向/p  世界/n  各国/rzs  和/cc  各地区/nz  的/ude1  朋友们/nz  ，/w  致/v  以/p  新年/t  的/ude1  祝福/vn  ！/w
祝福/vn  老人/n  们/k  健康/a  ！/w  祝福/vn  孩子们/nz  快乐/a  ！/w  祝福/vn  每个/r  家庭/n  幸福/a  安康/an  ！/w
在/p  这/rzv  辞旧迎新/vl  之际/f  ，/w  无数/m  工人/nnt  、/w  农民/nnt  、/w  知识分子/nnd  、/w  干部/nnt  仍然/d  坚守/v  在/p  工作/vn  岗位/n  ，/w  不少/m  同胞/n  依然/d  奔波/vi  在/p  世界/n  各地/rzs  为/p  祖国/n  辛勤/ad  工作/vn  ，/w  许多/mq  人民解放军/nt  和/cc  武警/nnd  官兵/nnd  、/w  公安/n  干警/n  正在/d  履行/v  光荣/a  使命/n  。/w
他们/rr  有的/rz  远离/v  祖国/n  、/w  远离/v  亲人/n  ，/w  有的/rz  不能/v  同/p  家人/n  团聚/vi  。/w
我/rr  代表/nnt  祖国/n  和/cc  人民/n  ，/w  向/p  他们/rr  致/v  以/p  诚挚/a  的/ude1  问候/vn  ，/w  祝/v  他们/rr  平安/a  顺利/ad  ！/w
2013年/t  ，/w  对/p  我们/rr  国家/n  和/cc  人民/n  来说/uls  是/vshi  很/d  不/d  平凡/a  的/ude1  一年/mq  。/w  我们/rr  共同/d  战胜/v  了/ule  各种/rz  困难/an  和/cc  挑战/vn  ，/w  取得/v  了/ule  新的/a  显著/ad  成就/n  。/w
成绩/n  来之不易/vl  ，/w  凝聚/v  了/ule  大家/rr  的/ude1  心血/n  和/cc  汗水/n  。/w  我/rr  向/p  大家/rr  表示/v  衷心/d  的/ude1  感谢/v  ！/w
2013年/t  ，/w  我们/rr  对/p  全面/ad  深化改革/v  作出/v  总体/n  部署/v  ，/w  共同/d  描绘/v  了/ule  未来/t  发展/vn  的/ude1  宏伟/a  蓝图/n  。/w
2014年/t  ，/w  我们/rr  将/d  在/p  改革/vn  的/ude1  道路/n  上/f  迈出/v  新的/a  步伐/n  。/w
我们/rr  推进改革/v  的/ude1  根本/a  目的/n  ，/w  是/vshi  要/v  让/v  国家/n  变得/vi  更加/d  富强/a  、/w  让/v  社会/n  变得/vi  更加/d  公平/a  正义/n  、/w  让/v  人民/n  生活/vn  得/ude3  更加/d  美好/a  。/w
改革/v  是/vshi  需要/v  我们/rr  共同/d  为/p  之/uzhi  奋斗/vn  的/ude1  伟大/a  事业/n  ，/w  需要/v  付出/v  艰辛/an  的/ude1  努力/ad  。/w
一分/t  耕耘/vi  ，/w  一分/t  收获/n  。/w  在/p  改革开放/v  的/ude1  伟大/a  实践中/nz  ，/w  我们/rr  已经/d  创造/v  了/ule  无数/m  辉煌/a  。/w  我/rr  坚信/v  ，/w  中国/ns  人民/n  必将/d  创造/v  出/vf  新的/a  辉煌/a  。/w
宇宙/n  浩瀚/z  ，/w  星汉/nz  灿烂/a  。/w
70/m  多/a  亿/m  人/n  共同/d  生活/vn  在/p  我们/rr  这个/rz  星球/n  上/f  ，/w  应该/v  守望相助/vl  、/w  同舟共济/vl  、/w  共同/d  发展/v  。/w
中国/ns  人民/n  追寻/v  实现/v  中华民族/n  伟大/a  复兴/vn  的/ude1  中国/ns  梦/n  ，/w  也/d  祝愿/v  各国/rzs  人民/n  能够/v  实现/v  自己/rr  的/ude1  梦想/n  。/w
我/rr  真诚/a  希望/v  ，/w  世界/n  各国/rzs  人民/n  在/p  实现/v  各自/rr  梦想/n  的/ude1  过程/n  中/f  相互/d  理解/v  、/w  相互/d  帮助/v  ，/w  努力/ad  把/pba  我们/rr  赖以/v  生存/vn  的/ude1  地球/ns  建设/vn  成为/v  共同/d  的/ude1  美好/a  家园/n  。/w
生活/vn  总是/d  充满/v  希望/v  的/ude1  ，/w  成功/a  总是/d  属于/v  积极/ad  进取/vi  、/w  不懈/z  追求/v  的/ude1  人们/n  。/w
我们/rr  在/p  前进/vn  的/ude1  道路/n  上/f  ，/w  还/d  会/v  遇到/v  各种/rz  风险/n  和/cc  挑战/vn  。/w  让/v  老百姓/n  过/uguo  上/f  更加/d  幸福/a  的/ude1  生活/vn  ，/w  还有/v  大量/m  工作/vn  要/v  做/v  。/w
我们/rr  要/v  谦虚谨慎/vl  、/w  艰苦奋斗/vl  ，/w  共同/d  谱写/v  伟大/a  祖国/n  发展/vn  的/ude1  时代/n  新篇章/n  。/w
谢谢/v  大家/rr  。/w
中新网/nz  1月1日/t  电/n  (/w  王永吉/nr  )/w  动车/n  上/f  吸烟/vi  最高/a  罚/v  2000/m  元/q  、/w  无/v  许可证/n  排污/vn  水/n  最高/a  可/v  罚/v  50万/m  、/w  法院/nis  裁判/nnt  文书/nnt  全面/ad  上网/v  接受/v  公众/n  监督/vn  、/w  个人/n  海外/s  资产/n  需/v  申报/v  …/w  …/w  进入/v  2014年1月/t  ，/w  《/w  城镇/n  排水/vn  与/cc  污水处理/v  条例/n  》/w  、/w  《/w  铁路/n  安全/an  管理/vn  条例/n  》/w  、/w  《/w  最高人民法院/nto  关于/p  人民法院/nis  在/p  互联网/n  公布/v  裁判/nnt  文书/nnt  的/ude1  规定/n  》/w  、/w  新/a  修订/v  的/ude1  《/w  国际/n  收支/n  统计/vn  申报/v  办法/n  》/w  等/udeng  一批/mq  法律/n  法规/n  正式/ad  实施/v  。/w
动车/n  上/f  严禁/v  吸烟/vi  违者/n  最高/a  罚/v  2000/m  元/q
由/p  国务院/nt  制定/v  的/ude1  《/w  铁路/n  安全/an  管理/vn  条例/n  》/w  将/d  自/p  今日/t  起/vf  施行/v  ，/w  《/w  条例/n  》/w  明确/a  ，/w  在/p  动车组/nz  列车/n  上/f  吸烟/vi  或者/c  在/p  其他/rzv  列车/n  的/ude1  禁烟/vn  区域/n  吸烟/vi  ，/w  对/p  个人/n  处/n  500/m  元/q  以上/f  2000/m  元/q  以下/f  的/ude1  罚款/vi  。/w
《/w  条例/n  》/w  规定/n  ，/w  禁止/v  在/p  铁路/n  线路/n  安全/an  保护/vn  区内/n  烧荒/vi  、/w  放养/v  牲畜/n  、/w  种植/vn  影响/vn  铁路/n  线路/n  安全/an  和/cc  行车/vn  瞭望/v  的/ude1  树木/n  等/udeng  植物/n  。/w  在/p  铁路/n  线路/n  两侧/f  建造/v  、/w  设立/v  生产/v  、/w  加工/v  、/w  储存/v  或者/c  销售/vn  易燃/a  、/w  易爆/a  或者/c  放射性/n  物品/n  等/udeng  危险物品/n  的/ude1  场所/n  、/w  仓库/n  ，/w  应当/v  符合/v  国家标准/n  、/w  行业/n  标准/n  规定/n  的/ude1  安全/an  防护/vn  距离/n  。/w
《/w  条例/n  》/w  指出/v  ，/w  铁路/n  运输/vn  企业/n  应当/v  按照/p  国务院/nt  铁路/n  行业/n  监督管理/v  部门/n  的/ude1  规定/n  实施/v  火车票/n  实名/gi  购买/v  、/w  查验/vn  制度/n  。/w  实施/v  火车票/n  实名/gi  购买/v  、/w  查验/vn  制度/n  的/ude1  ，/w  旅客/n  应当/v  凭/p  有效/a  身份/n  证件/n  购票/v  乘车/vi  ；/w  对/p  车票/n  所/usuo  记载/v  身份/n  信息/n  与/cc  所/usuo  持/v  身份/n  证件/n  或者/c  真实/a  身份/n  不符/v  的/ude1  持/v  票/n  人/n  ，/w  铁路/n  运输/vn  企业/n  有权/nz  拒绝/v  其/rz  进站/vi  乘车/vi  。/w
《/w  条例/n  》/w  强调/v  禁止/v  实施/v  下列/b  危害/vn  铁路/n  安全/an  的/ude1  行为/n  ：/w  从/p  列车/n  上/f  抛扔/nz  杂物/n  ；/w  在/p  动车组/nz  列车/n  上/f  吸烟/vi  或者/c  在/p  其他/rzv  列车/n  的/ude1  禁烟/vn  区域/n  吸烟/vi  ；/w  冲击/v  、/w  堵塞/v  、/w  占用/v  进出/v  站/vi  通道/n  或者/c  候车/vn  区/n  、/w  站台/n  。/w  违反/v  规定/n  的/ude1  ，/w  对/p  单位/n  处/n  1/m  万元/q  以上/f  5/m  万元/q  以下/f  的/ude1  罚款/vi  ，/w  对/p  个人/n  处/n  500/m  元/q  以上/f  2000/m  元/q  以下/f  的/ude1  罚款/vi  。/w
另外/c  ，/w  《/w  铁路/n  机车/n  车辆/n  设计/vn  制造/vn  维修/vn  进口/vn  许可/vn  办法/n  》/w  、/w  《/w  铁路/n  运输/vn  基础/n  设备/n  生产/vn  企业/n  审批/vn  办法/n  》/w  、/w  《/w  铁路/n  机车/n  车辆/n  驾驶/v  人员/n  资格/n  许可/vn  办法/n  》/w  和/cc  《/w  违反/v  〈/w  铁路/n  安全/an  管理/vn  条例/n  〉/w  行政/n  处罚/vn  实施/v  办法/n  》/w  四件/nz  配套/v  规章/n  ，/w  将/d  于/p  今日/t  起/vf  与/cc  《/w  铁路/n  安全/an  管理/vn  条例/n  》/w  同步/vn  施行/v  ，/w  铁路/n  行政/n  许可/vn  和/cc  行政/n  处罚/vn  工作/vn  将/d  更加/d  规范化/vn  、/w  法制化/vn  。/w
无/v  许可证/n  排污/vn  水/n  最高/a  可/v  罚/v  50/m  万元/q
由/p  国务院/nt  制定/v  的/ude1  《/w  城镇/n  排水/vn  与/cc  污水处理/v  条例/n  》/w  今日/t  起/vf  施行/v  ，/w  《/w  条例/n  》/w  要求/n  ，/w  从事/vi  工业/n  、/w  建筑/n  、/w  餐饮/n  、/w  医疗/n  等/udeng  活动/vn  的/ude1  企业/n  事业单位/nz  和/cc  个体/n  工商户/n  要/v  排放/vn  污水/n  ，/w  必须/d  取得/v  许可证/n  ，/w  并/cc  对/p  污水/n  进行/vn  预处理/vn  。/w  对于/p  未/d  取得/v  许可证/n  的/ude1  排污者/n  ，/w  可以/v  处/n  50/m  万元/q  以下/f  罚款/vi  。/w
对/p  暴雨/n  来袭/nz  时/ng  在/p  城市/n  “/w  看海/nz  ”/w  等/udeng  困扰/vn  中国/ns  多/a  地/ude2  的/ude1  痼疾/n  ，/w  这/rzv  一/d  新规/nz  也/d  开/v  出/vf  了/ule  “/w  药方/n  ”/w  。/w  《/w  条例/n  》/w  要求/n  ，/w  易/ad  发生/v  内涝/vi  的/ude1  城镇/n  要/v  根据/p  城镇/n  人口/n  与/cc  规模/n  、/w  暴雨/n  内涝/vi  风险/n  等/udeng  因素/n  ，/w  制定/v  内涝/vi  防治/vn  专项/b  规划/n  。/w  与此同时/c  ，/w  还/d  应/v  编制/vn  应急/vn  预案/n  ，/w  建立/v  内涝/vi  防治/vn  预警/vn  、/w  会商/v  、/w  联动/vn  机制/n  ，/w  加强/v  易/ad  涝/ng  点/qt  治理/v  。/w
对/p  窨井/nz  伤/v  人/n  问题/n  ，/w  《/w  条例/n  》/w  也/d  明确/a  规定/n  ，/w  城镇/n  排水/vn  与/cc  污水处理/v  设施/n  维护/v  运营/vn  单位/n  应当/v  加强/v  日常/b  巡查/v  、/w  维修/vn  和/cc  养护/vn  ，/w  加强/v  井盖/nz  、/w  检查井/nz  等/udeng  设施/n  的/ude1  维护/v  与/cc  保护/vn  。/w
同时/c  ，/w  《/w  条例/n  》/w  对/p  再生/vn  水/n  的/ude1  使用/v  也/d  做出/v  了/ule  明确/a  规定/n  。/w  《/w  条例/n  》/w  明确/a  指出/v  ，/w  国家/n  鼓励/v  污水处理/v  再生/vn  利用/v  ，/w  工业/n  生产/v  、/w  城市/n  绿化/v  、/w  道路/n  清扫/v  、/w  车辆/n  冲洗/v  、/w  建筑/n  施工/vn  以及/cc  生态/n  景观/n  等/udeng  ，/w  应当/v  优先/vn  使用/v  再生/vn  水/n  。/w  此外/c  ，/w  地方/n  政府/nis  还要/d  统筹/vn  安排/v  再生/vn  水/n  利用/v  等/udeng  设施/n  的/ude1  建设/vn  改造/v  。/w
另一/m  部/q  由/p  国务院/nt  制定/v  的/ude1  和/cc  环境保护/gg  相关/vn  的/ude1  法规/n  —/w  —/w  《/w  畜禽/n  规模/n  养殖/vn  污染防治/v  条例/n  》/w  也/d  将/d  自/p  今日/t  起/vf  施行/v  。/w  《/w  条例/n  》/w  明确/a  ，/w  禁止/v  在/p  饮用水/n  水源/n  保护区/n  ，/w  风景/n  名胜区/n  ；/w  自然保护区/n  的/ude1  核心区/nz  和/cc  缓冲区/n  ；/w  城镇/n  居民/n  区/n  、/w  文化/n  教育/vn  科学研究/nz  区/n  等/udeng  人口/n  集中/v  区域/n  及/cc  法律/n  、/w  法规/n  规定/n  的/ude1  其他/rzv  禁止/v  养殖/v  区域内/nz  建设/vn  畜禽/n  养殖/v  场/qv  、/w  养殖/vn  小区/n  。/w  在/p  饮用水/n  水源/n  保护区/n  建设/vn  畜禽/n  养殖/v  场/qv  、/w  养殖/vn  小区/n  的/ude1  ，/w  处/n  10/m  万元/q  以上/f  50/m  万元/q  以下/f  的/ude1  罚款/vi  。/w
《/w  条例/n  》/w  还/d  规定/n  ，/w  染/v  疫/ng  畜禽/n  以及/cc  染/v  疫/ng  畜禽/n  排泄物/n  、/w  染/v  疫/ng  畜禽/n  产品/n  、/w  病死/vi  或者/c  死因/n  不明/v  的/ude1  畜禽/n  尸体/n  等/udeng  病害/n  畜禽/n  养殖/v  废弃物/n  ，/w  应当/v  进行/vn  深/a  埋/v  、/w  化/v  制/v  、/w  焚烧/v  等/udeng  无害化/vn  处理/v  ，/w  不得/vi  随意/ad  处置/v  。/w  未/d  按照/p  规定/n  对/p  染/v  疫/ng  畜禽/n  和/cc  病害/n  畜禽/n  养殖/v  废弃物/n  进行/vn  无害化/vn  处理/vn  的/ude1  ，/w  由/p  动物/n  卫生/an  监督/vn  机构/n  责令/v  无害化/vn  处理/v  ，/w  所需/nz  处理/vn  费用/n  由/p  违法/vn  行为/n  人/n  承担/v  ，/w  可以/v  处/n  3000/m  元/q  以下/f  的/ude1  罚款/vi  。/w
法院/nis  裁判/nnt  文书/nnt  全面/ad  上网/v  接受/v  公众/n  监督/vn
在/p  司法/n  领域/n  ，/w  最高人民法院/nto  关于/p  人民法院/nis  在/p  互联网/n  公布/v  裁判/nnt  文书/nnt  的/ude1  规定/n  将/d  于/p  今日/t  起/vf  实施/v  。/w  《/w  规定/n  》/w  明确/a  ，/w  法院/nis  的/ude1  生效/vi  裁判/nnt  文书/nnt  应当/v  在/p  互联网/n  公布/v  ，/w  但/c  有/vyou  下列/b  情形/n  之一/rz  的/ude1  除外/vi  ：/w  涉及/v  国家/n  秘密/n  、/w  个人/n  隐私/n  的/ude1  ；/w  涉及/v  未成年人/n  违法犯罪/v  的/ude1  ；/w  以/p  调解/v  方式/n  结案/vn  的/ude1  ；/w  其他/rzv  不宜/v  在/p  互联网/n  公布/v  的/ude1  。/w
《/w  规定/n  》/w  要求/n  ，/w  法院/nis  在/p  互联网/n  公布/v  裁判/nnt  文书/nnt  时/ng  ，/w  应当/v  保留/v  当事人/n  的/ude1  姓名/n  或者/c  名称/n  等/udeng  真实/a  信息/n  。/w  同时/c  ，/w  《/w  规定/n  》/w  明确/a  了/ule  进行/vn  匿名/vn  处理/vn  的/ude1  三/m  种/q  情况/n  ：/w  一/m  是/vshi  婚姻/n  家庭/n  、/w  继承/v  纠纷/n  案件/n  中/f  的/ude1  当事人/n  及其/cc  法定/b  代理人/nnt  ；/w  二/m  是/vshi  刑事/b  案件/n  中/f  被害人/n  及其/cc  法定/b  代理人/nnt  、/w  证人/nnt  、/w  鉴定人/n  ；/w  三/Mg  是/Mg  被/Mg  判处/Mg  三年/Mg  有期徒刑/Mg  以下/Mg  刑罚/Mg  以及/Mg  免予/Mg  刑事/Mg  处罚/Mg  ，/Mg  且/Mg  不属于/Mg  累犯/Mg  或者/Mg  惯犯/Mg  的/Mg  被告人/Mg  。/Mg
《/w  规定/n  》/w  还/d  强调/v  ，/w  对/p  自然人/n  的/ude1  家庭/n  住址/n  、/w  通讯/n  方式/n  、/w  身份证/n  号码/n  、/w  银行/nis  账号/n  、/w  健康/a  状况/n  等/udeng  个人/n  信息/n  ，/w  未成年人/n  的/ude1  相关/vn  信息/n  ，/w  法人/nnt  以及/cc  其他/rzv  组织/n  的/ude1  银行/nis  账号/n  ，/w  商业/n  秘密/n  以及/cc  其他/rzv  不宜/v  公开/ad  的/ude1  内容/n  ，/w  进行/vn  删除/v  处理/vn  ，/w  充分/ad  保护/vn  相关/vn  个人/n  的/ude1  合法/a  权益/n  、/w  国家/n  利益/n  和/cc  社会/n  公共/b  利益/n  。/w
个人/n  海外/s  资产/n  、/w  负债/vn  状况/n  需/v  申报/vn
国务院/nt  2013年/t  对/p  《/w  国际/n  收支/n  统计/vn  申报/v  办法/n  》/w  进行/vn  修改/v  ，/w  修改/v  后/f  的/ude1  《/w  办法/n  》/w  今日/t  起/vf  正式/ad  实施/v  。/w  修改/v  后/f  的/ude1  《/w  办法/n  》/w  强调/v  ，/w  国际/n  收支/n  统计/vn  申报/v  范围/n  为/p  中国/ns  居民/n  与/cc  非/b  中国/ns  居民/n  之间/f  发生/vn  的/ude1  一切/rz  经济/n  交易/vn  以及/cc  中国/ns  居民/n  对外/vn  金融/n  资产/n  、/w  负债/vn  状况/n  。/w
《/w  办法/n  》/w  将/d  在/p  中国/ns  境内/s  发生/v  经济/n  交易/vn  的/ude1  非/b  中国/ns  居民/n  也/d  纳入/v  申报/vn  主体/n  范围/n  ，/w  明确/a  中国/ns  居民/n  和/cc  在/p  中国/ns  境内/s  发生/v  经济/n  交易/vn  的/ude1  非/b  中国/ns  居民/n  均/d  有/vyou  义务/n  申报/vn  国际/n  收支/n  信息/n  。/w  国家/n  外汇/n  管理局/nis  有关/v  负责人/nnt  还/d  表示/v  ，/w  未来/t  ，/w  外汇局/nis  将/d  根据/p  实际/n  情况/n  ，/w  择/v  机/ng  制定/v  并/cc  出台/vi  关于/p  非/b  中国/ns  居民/n  申报/vn  的/ude1  具体/a  要求/n  。/w
《/w  办法/n  》/w  要求/n  ，/w  拥有/v  对外/vn  金融/n  资产/n  、/w  负债/vn  的/ude1  中国/ns  居民/n  个人/n  ，/w  应当/v  按照/p  国家/n  外汇/n  管理局/nis  的/ude1  规定/n  申报/v  其/rz  对外/vn  金融/n  资产/n  、/w  负债/vn  的/ude1  有关/vn  情况/n  。/w
此外/c  ，/w  《/w  办法/n  》/w  规定/n  ，/w  相关/vn  机构/n  和/cc  个人/n  如/v  未/d  按照/p  规定/n  进行/vn  国际/n  收支/n  统计/vn  申报/vn  的/ude1  ，/w  由/p  国家/n  外汇/n  管理局/nis  或/c  其/rz  分支/n  局/n  依照/p  《/w  中华人民共和国/ns  外汇/n  管理/vn  条例/n  》/w  第四/m  十八/m  条/q  给予/vn  处罚/v  。/w  处罚/vn  包括/v  ：/w  由/p  外汇/n  管理/vn  机关/n  责令/v  改正/v  ，/w  给予/vn  警告/v  ；/w  对/p  机构/n  可以/v  处/n  30/m  万元/q  以下/f  的/ude1  罚款/vi  ，/w  对/p  个人/n  可以/v  处/n  5/m  万元/q  以下/f  的/ude1  罚款/vi  。/w
大型/b  游乐/vn  设施/n  零件/n  “/w  超龄/vn  ”/w  可/v  罚/v  3万/m
去年/t  发生/v  的/ude1  西安/ns  秦岭/ns  欢乐/a  世界/n  游乐/vn  设施/n  甩落/nz  游客/n  事件/n  、/w  北京/ns  香山/ns  游客/n  乘/v  缆车/n  坠亡/nz  事件/n  引发/v  社会/n  关注/v  。/w  为/p  加强/v  大型/b  游乐/vn  设施/n  安全/an  监察/vn  ，/w  防止/v  和/cc  减少/v  事故/n  ，/w  质检/vn  总局/nis  日前/t  出台/vi  了/ule  《/w  大型/b  游乐/vn  设施/n  安全/an  监察/vn  规定/n  》/w  ，/w  将/d  自/p  今日/t  起/vf  施行/v  。/w
《/w  规定/n  》/w  要求/n  ，/w  运营/vn  使用/v  单位/n  应当/v  加强/v  营救/v  设备/n  、/w  急救/v  物品/n  的/ude1  存放/v  和/cc  管理/vn  ，/w  对/p  救援/v  人员/n  定期/d  进行/vn  专业/n  培训/vn  ，/w  每年/r  至少/d  对/p  每/rz  台/q  (/w  套/q  )/w  大型/b  游乐/vn  设施/n  组织/n  1/m  次/qv  应急/vn  救援/vn  演练/v  。/w  运营/vn  使用/v  单位/n  应当/v  设置/v  专门/d  的/ude1  安全/an  管理/vn  机构/n  并/cc  配备/v  安全/an  管理/vn  人员/n  ，/w  或者/c  配备/v  专职/b  的/ude1  安全/an  管理/vn  人员/n  ，/w  并/cc  保证/v  设备/n  运营/vn  期间/f  ，/w  至少/d  有/vyou  1/m  名/q  安全/an  管理/vn  人员/n  在岗/b  。/w
《/w  规定/n  》/w  强调/v  ，/w  大型/b  游乐/vn  设施/n  发生/v  故障/n  、/w  事故/n  的/ude1  ，/w  运营/vn  使用/v  单位/n  应当/v  立即/d  停止/v  使用/v  ，/w  并/cc  按照/p  有关/v  规定/n  及时/ad  向/p  县级/b  以上/f  地方/n  质量/n  技术/n  监督/vn  部门/n  报告/n  。/w  对/p  因/p  设计/v  、/w  制造/v  、/w  安装/v  原因/n  引发/v  故障/n  、/w  事故/n  ，/w  存在/v  质量/n  安全/an  问题/n  隐患/n  的/ude1  ，/w  制造/v  、/w  安装/v  单位/n  应当/v  对/p  同类型/nz  设备/n  进行/vn  排查/v  ，/w  消除/v  隐患/n  。/w
《/w  规定/n  》/w  还/d  指出/v  ，/w  大型/b  游乐/vn  设施/n  运营/vn  使用/v  单位/n  设备/n  运营/vn  期间/f  ，/w  无/v  安全/an  管理/vn  人员/n  在岗/b  的/ude1  或者/c  未/d  及时/ad  更换/v  超过/v  设计/vn  使用/v  期限/n  要求/n  的/ude1  主要/b  受力/vi  部件/n  的/ude1  ，/w  予以/vx  警告/v  ，/w  处/n  1/m  万元/q  以上/f  3/m  万元/q  以下/f  罚款/vi  。/w  (/w  完/vn  )/w
安倍晋三/nrj  参拜/v  靖国/nz  神社/nz  ，/w  是/vshi  恃/vg  强/a  耍横/nz  ，/w  是/vshi  公然/d  挑衅/vn  ，/w  国际/n  社会/n  必须/d  予以/vx  强硬/a  回击/v
安倍晋三/nrj  看来/v  已/d  是/vshi  铁/n  了/ule  心/n  要/v  将/d  日本/ns  的/ude1  “/w  帝国/n  旧梦/nz  ”/w  强加/vi  于/p  亚洲/ns  人民/n  。/w  参拜/v  靖国/nz  神社/nz  是/vshi  其/rz  实现/v  所谓/v  军事/n  强国/n  、/w  称霸/v  亚洲/ns  的/ude1  必然/d  一步/mq  。/w  安倍/nrf  的/ude1  狂妄/a  与/cc  孤注一掷/vl  ，/w  是/vshi  日本/ns  军国主义/n  历史/n  顽固性/n  的/ude1  表现/v  ，/w  也/d  已/d  成为/v  亚洲/ns  和平/n  面临/v  的/ude1  现实/n  危险/an  。/w
靖国/nz  神社/nz  供奉/v  有/vyou  二战/n  甲级/b  战犯/n  。/w  日本/ns  领导人/nnt  不顾/v  国内外/s  强烈/a  反对/v  ，/w  一意孤行/vl  参拜/v  靖国/nz  神社/nz  的/ude1  行径/n  ，/w  是/vshi  对/p  亚洲/ns  人民/n  感情/n  的/ude1  严重/a  伤害/v  ，/w  也/d  将/d  深刻/a  影响/vn  亚洲/ns  乃至/c  世界/n  人民/n  对待/v  日本/ns  的/ude1  政治/n  立场/n  。/w  国际/n  舆论/n  普遍/ad  认为/v  ，/w  亚洲/ns  需要/v  的/ude1  是/vshi  国/n  与/cc  国/n  之间/f  的/ude1  信任/vn  ，/w  而/cc  安倍/nrf  一再/d  破坏/v  信任/vn  氛围/n  ，/w  参拜/v  靖国/nz  神社/nz  之/uzhi  举/v  更是/d  公然/d  挑衅/vn  。/w
恰如/v  纳粹/n  大屠杀/n  的/ude1  幸存者/n  韦塞尔/nrf  所/Mg  说/Mg  ：/Mg  “/Mg  我/Mg  没有/Mg  活/Mg  在/Mg  过去/Mg  中/Mg  ，/Mg  但/Mg  往事/Mg  活/Mg  在/Mg  我/Mg  心里/Mg  。/Mg  ”/Mg  安倍/Mg  今天/Mg  的/Mg  举动/Mg  不能不/Mg  让/Mg  人们/Mg  回想/Mg  起/Mg  二战/Mg  前/Mg  的/Mg  日本/Mg  。/Mg  1920/Mg  —/Mg  1921/Mg  年/Mg  ，/Mg  日本/Mg  爆发/Mg  历史/Mg  上/Mg  空前/Mg  深刻/Mg  的/Mg  经济危机/Mg  。/Mg  法西斯/Mg  运动/Mg  乘势/Mg  而/Mg  起/Mg  ，/Mg  鼓噪/Mg  “/Mg  国家/Mg  改造/Mg  ”/Mg  ，/Mg  以/Mg  摆脱/Mg  危机/Mg  为/Mg  借口/Mg  ，/Mg  试图/Mg  建立/Mg  天皇制/Mg  法西斯主义/Mg  国家/Mg  ，/Mg  妄想/Mg  构筑/Mg  所谓/Mg  “/Mg  大/Mg  东亚/Mg  共/Mg  荣/Mg  圈/Mg  ”/Mg  以/Mg  统/Mg  霸/Mg  亚洲/Mg  。/Mg
安倍/nrf  公开/ad  否定/v  东京/nsf  审判/v  ，/w  称/v  其/rz  “/w  并/cc  不是/c  日本人/nz  自己/rr  作出/v  的/ude1  ，/w  应该/v  说/v  是/vshi  联合国/nt  的/ude1  战胜/v  者/k  一方/mq  作出/v  的/ude1  裁决/vn  ”/w  ；/w  安倍/nrf  扬言/v  “/w  对/p  本国/rzs  历史/n  抱有/v  自豪感/n  ”/w  ，/w  声称/v  关于/p  日本/ns  殖民/vn  侵略/vn  的/ude1  定义/n  尚无/v  定论/n  ；/w  安倍/nrf  叫嚣/v  对抗/v  中国/ns  是/vshi  日本/ns  为/p  世界/n  “/w  作/v  贡献/n  ”/w  ，/w  日本/ns  将/d  带领/v  亚洲/ns  国家/n  阻止/v  “/w  中国/ns  威胁/v  ”/w  ，/w  重新/d  “/w  在/p  亚太/b  安全/an  领域/n  担任/v  领袖/nnt  ”/w  。/w
历史/n  何其/d  相似/a  ，/w  安倍/nrf  的/ude1  用心/ad  何其/d  阴险/an  ！/w
一个/mq  无法/v  和/cc  发动/v  侵略战争/nz  历史/n  决裂/vi  的/ude1  国家/n  ，/w  必然/d  对/p  世界/n  和平/n  稳定/an  构成/v  极大/a  威胁/v  。/w  追寻/v  帝国/n  梦/n  的/ude1  日本/ns  会/v  给/p  亚洲/ns  带来/v  什么/ry  ？/w  这/rzv  是/vshi  二战/n  前/f  一些/mq  亚洲/ns  有识之士/n  反复/d  提出/v  的/ude1  问题/n  ，/w  几十年/mq  后/f  的/ude1  今天/t  ，/w  这个/rz  问题/n  仍/d  具有/v  现实/n  意义/n  。/w  安倍/nrf  参拜/v  之/uzhi  举/v  遭到/v  国际/n  社会/n  一致/a  抨击/v  ，/w  是因为/c  人们/n  清楚/a  看到/v  ，/w  安倍/nrf  正/d  试图/v  将/d  日本/ns  拖入/nz  “/w  帝国/n  旧梦/nz  ”/w  之中/f  ，/w  引领/v  日本/ns  走向/v  充满/v  罪恶/n  和/cc  危险/an  的/ude1  扩张/v  之/uzhi  路/n  。/w
安倍/nrf  参拜/v  靖国/nz  神社/nz  ，/w  是/vshi  恃/vg  强/a  耍横/nz  ，/w  是/vshi  公然/d  挑衅/vn  ，/w  是/vshi  将/d  他/rr  的/ude1  “/w  帝国/n  旧梦/nz  ”/w  公之于世/vl  。/w  对此/d  ，/w  国际/n  社会/n  必须/d  予以/vx  强硬/a  回击/v  ，/w  严防/v  日本/ns  军国主义/n  死灰复燃/vl  。/w  这/rzv  是/vshi  对/p  亚洲/ns  和/cc  世界/n  和平/n  负责/v  ，/w  也/d  是/vshi  对/p  日本/ns  人民/n  负责/v  。/w
改革创新/v  共同/d  创造/v  更加/d  美好/a  的/ude1  未来/t
